src/app.controller.spec.ts(19,28): error TS2339: Property 'getHello' does not exist on type 'AppController'.
src/auth/auth.module.ts(13,7): error TS2322: Type '(config: ConfigService) => { secret: string | undefined; signOptions: { expiresIn: string | undefined; }; }' is not assignable to type '(...args: any[]) => JwtModuleOptions | Promise<JwtModuleOptions>'.
  Type '{ secret: string | undefined; signOptions: { expiresIn: string | undefined; }; }' is not assignable to type 'JwtModuleOptions | Promise<JwtModuleOptions>'.
    Type '{ secret: string | undefined; signOptions: { expiresIn: string | undefined; }; }' is not assignable to type 'JwtModuleOptions'.
      The types of 'signOptions.expiresIn' are incompatible between these types.
        Type 'string | undefined' is not assignable to type 'number | StringValue | undefined'.
          Type 'string' is not assignable to type 'number | StringValue | undefined'.
src/usuarios/usuarios.controller.ts(66,54): error TS1272: A type referenced in a decorated signature must be imported with 'import type' or a namespace import when 'isolatedModules' and 'emitDecoratorMetadata' are enabled.
src/usuarios/usuarios.service.ts(64,38): error TS2769: No overload matches this call.
  Overload 1 of 3, '(entityLikeArray: DeepPartial<UsuarioEntity>[]): UsuarioEntity[]', gave the following error.
    Object literal may only specify known properties, and 'nombre' does not exist in type 'DeepPartial<UsuarioEntity>[]'.
  Overload 2 of 3, '(entityLike: DeepPartial<UsuarioEntity>): UsuarioEntity', gave the following error.
    Type 'string | null' is not assignable to type 'string | undefined'.
      Type 'null' is not assignable to type 'string | undefined'.
src/usuarios/usuarios.service.ts(75,36): error TS2345: Argument of type 'UsuarioEntity[]' is not assignable to parameter of type 'UsuarioEntity'.
  Type 'UsuarioEntity[]' is missing the following properties from type 'UsuarioEntity': id, nombre, email, password_hash, and 5 more.
src/usuarios/usuarios.service.ts(81,30): error TS2345: Argument of type 'UsuarioEntity[]' is not assignable to parameter of type 'UsuarioEntity'.
  Type 'UsuarioEntity[]' is missing the following properties from type 'UsuarioEntity': id, nombre, email, password_hash, and 5 more.
src/usuarios/usuarios.service.ts(126,7): error TS2769: No overload matches this call.
  The last overload gave the following error.
    Type 'string | null' is not assignable to type 'StringQueryTypeCasting | undefined'.
      Type 'null' is not assignable to type 'StringQueryTypeCasting | undefined'.
        Type 'string | null' is not assignable to type 'StringQueryTypeCasting | undefined'.
          Type 'null' is not assignable to type 'StringQueryTypeCasting | undefined'.
src/usuarios/usuarios.service.ts(127,7): error TS2769: No overload matches this call.
  The last overload gave the following error.
    Type 'string | null' is not assignable to type 'StringQueryTypeCasting | undefined'.
      Type 'null' is not assignable to type 'StringQueryTypeCasting | undefined'.
        Type 'string | null' is not assignable to type 'StringQueryTypeCasting | undefined'.
          Type 'null' is not assignable to type 'StringQueryTypeCasting | undefined'.
